<html>
<body>
<pre>
<h1>µVision Build Log</h1>
<h2>Project:</h2>
C:\Users\Nisal\Desktop\temp\temp.uvproj
Project File Date:  09/22/2014

<h2>Output:</h2>
Rebuild target 'Target 1'
assembling startup_LPC17xx.s...
compiling system_LPC17xx.c...
compiling GLCD_SPI_LPC1700.c...
compiling GalleRoad.c...
DisplayElements.h(73): warning:  #167-D: argument of type "char *" is incompatible with parameter of type "unsigned char *"
DisplayElements.h(77): warning:  #167-D: argument of type "char *" is incompatible with parameter of type "unsigned char *"
DisplayElements.h(81): warning:  #167-D: argument of type "char *" is incompatible with parameter of type "unsigned char *"
DisplayElements.h(99): warning:  #167-D: argument of type "char *" is incompatible with parameter of type "unsigned char *"
DisplayElements.h(117): warning:  #167-D: argument of type "char *" is incompatible with parameter of type "unsigned char *"
DisplayElements.h(130): warning:  #177-D: variable "str" was declared but never referenced
DisplayElements.h(144): warning:  #167-D: argument of type "char *" is incompatible with parameter of type "unsigned char *"
DisplayElements.h(159): warning:  #167-D: argument of type "char *" is incompatible with parameter of type "unsigned char *"
DisplayElements.h(175): warning:  #167-D: argument of type "char *" is incompatible with parameter of type "unsigned char *"
DisplayElements.h(166): warning:  #177-D: variable "delay" was declared but never referenced
DisplayElements.h(202): warning:  #167-D: argument of type "char *" is incompatible with parameter of type "unsigned char *"
DisplayElements.h(194): warning:  #177-D: variable "count" was declared but never referenced
DisplayElements.h(195): warning:  #177-D: variable "str" was declared but never referenced
DisplayElements.h(217): warning:  #167-D: argument of type "char *" is incompatible with parameter of type "unsigned char *"
DisplayElements.h(209): warning:  #177-D: variable "delay" was declared but never referenced
GalleRoad.c(20): warning:  #177-D: variable "joy_str" was declared but never referenced
GalleRoad.c(280): warning:  #68-D: integer conversion resulted in a change of sign
GalleRoad.c(138): warning:  #177-D: variable "v_pos2" was declared but never referenced
GalleRoad.c(140): warning:  #177-D: variable "gen_h2" was declared but never referenced
GalleRoad.c(144): warning:  #177-D: variable "joy_str" was declared but never referenced
GalleRoad.c(163): warning:  #177-D: variable "LEVEL" was declared but never referenced
GalleRoad.c(398): warning:  #167-D: argument of type "char *" is incompatible with parameter of type "unsigned char *"
compiling IRQ.c...
linking...
Program Size: Code=9450 RO-data=6526 RW-data=40 ZI-data=840  
"temp.axf" - 0 Error(s), 22 Warning(s).
